// Jest Snapshot v1, https://goo.gl/fbAQLP

exports[` Home Component Rendering  renders correctly 1`] = `
<div>
  <h3
    className="quote"
  >
    Mathematics is not about numbers, equations, computations, or algorithms: it is about understanding. - William Paul Thurston
  </h3>
</div>
`;
